projects/amazon-trend-analyzer/qb_chunks/page_153_skip153000.csv
ASIN Buyability Flag,asin_status,CVR%,revenue,asp,units,gv,Images #,Videos #,Has A+ Content,Buybox Winner,Average Rating,Number of Ratings,bb_price,Ad CTR%,Ad CVR%,bsr,brand,Ad CPC$,ASIN (Description),Update Type,Sold By Amazon,Has Coupon?,Has Store Link?,In Stock Today?,category,Sellable On Hand Units,asin,date,Ad Cost,Ad Sales,Ad Clicks,Ad Impressions,Ad Conversions
In Stock,ACTIVE,0.095,59.0,14.63,4.0,42.0,7.0,0.0,True,,4.3,9952.0,14.64,,,17.0,Clorox,,B08J4TF9PY (Clorox Fraganzia - In-Wash Scent Booster Crystals - 70oz - Spring),[],True,False,True,True,Laundry,249.0,B08J4TF9PY,2025-08-20,,,,,
In Stock,ACTIVE,0.021,15.0,14.66,1.0,47.0,7.0,0.0,True,,4.3,9946.0,14.66,,,18.0,Clorox,,B08J4TF9PY (Clorox Fraganzia - In-Wash Scent Booster Crystals - 70oz - Spring),[],True,False,True,True,Laundry,253.0,B08J4TF9PY,2025-08-19,,,,,
In Stock,ACTIVE,0.0,0.0,,0.0,30.0,7.0,0.0,True,,4.3,9935.0,14.65,,,18.0,Clorox,,B08J4TF9PY (Clorox Fraganzia - In-Wash Scent Booster Crystals - 70oz - Spring),[],True,False,True,True,Laundry,253.0,B08J4TF9PY,2025-08-18,,,,,
In Stock,ACTIVE,0.026,15.0,14.65,1.0,38.0,7.0,0.0,True,,4.3,9928.0,14.65,,,17.0,Clorox,,B08J4TF9PY (Clorox Fraganzia - In-Wash Scent Booster Crystals - 70oz - Spring),[],True,False,True,True,Laundry,255.0,B08J4TF9PY,2025-08-17,,,,,
In Stock,ACTIVE,-0.043,-29.0,14.73,-2.0,47.0,7.0,0.0,True,,4.3,9915.0,14.65,,,17.0,Clorox,,B08J4TF9PY (Clorox Fraganzia - In-Wash Scent Booster Crystals - 70oz - Spring),[],True,False,True,True,Laundry,257.0,B08J4TF9PY,2025-08-16,,,,,
In Stock,ACTIVE,0.067,44.0,14.62,3.0,45.0,7.0,0.0,True,,4.3,9909.0,14.65,,,18.0,Clorox,,B08J4TF9PY (Clorox Fraganzia - In-Wash Scent Booster Crystals - 70oz - Spring),[],True,False,True,True,Laundry,259.0,B08J4TF9PY,2025-08-15,,,,,
In Stock,ACTIVE,0.09300000000000001,59.0,14.64,4.0,43.0,7.0,0.0,True,,4.3,9901.0,14.71,,,17.0,Clorox,,B08J4TF9PY (Clorox Fraganzia - In-Wash Scent Booster Crystals - 70oz - Spring),[],True,False,True,True,Laundry,260.0,B08J4TF9PY,2025-08-14,,,,,
In Stock,ACTIVE,0.077,44.0,14.71,3.0,39.0,7.0,0.0,True,,4.3,9894.0,14.71,,,17.0,Clorox,,B08J4TF9PY (Clorox Fraganzia - In-Wash Scent Booster Crystals - 70oz - Spring),[],True,False,True,True,Laundry,273.0,B08J4TF9PY,2025-08-13,,,,,
In Stock,ACTIVE,0.091,44.0,14.71,3.0,33.0,7.0,0.0,True,,4.3,9885.0,14.73,0.0,,17.0,Clorox,,B08J4TF9PY (Clorox Fraganzia - In-Wash Scent Booster Crystals - 70oz - Spring),[],True,False,True,True,Laundry,269.0,B08J4TF9PY,2025-08-12,0.0,0.0,0.0,26.0,0.0
In Stock,ACTIVE,0.122,88.0,14.73,6.0,49.0,7.0,0.0,True,,4.3,9871.0,14.73,0.0,,18.0,Clorox,,B08J4TF9PY (Clorox Fraganzia - In-Wash Scent Booster Crystals - 70oz - Spring),[],True,False,True,True,Laundry,254.0,B08J4TF9PY,2025-08-11,0.0,0.0,0.0,33.0,0.0
In Stock,ACTIVE,0.063,44.0,14.73,3.0,48.0,7.0,0.0,True,,4.3,9857.0,14.73,0.0,,17.0,Clorox,,B08J4TF9PY (Clorox Fraganzia - In-Wash Scent Booster Crystals - 70oz - Spring),[],True,False,True,True,Laundry,264.0,B08J4TF9PY,2025-08-10,0.0,0.0,0.0,26.0,0.0
In Stock,ACTIVE,-0.036,-30.0,15.12,-2.0,55.0,7.0,0.0,True,,4.3,9850.0,14.73,0.0,,18.0,Clorox,,B08J4TF9PY (Clorox Fraganzia - In-Wash Scent Booster Crystals - 70oz - Spring),[],True,False,True,True,Laundry,265.0,B08J4TF9PY,2025-08-09,0.0,0.0,0.0,21.0,0.0
In Stock,ACTIVE,0.0,1.0,,0.0,52.0,7.0,0.0,True,,4.3,9850.0,14.77,0.0,,18.0,Clorox,,B08J4TF9PY (Clorox Fraganzia - In-Wash Scent Booster Crystals - 70oz - Spring),[],True,False,True,True,Laundry,266.0,B08J4TF9PY,2025-08-08,0.0,0.0,0.0,18.0,0.0
In Stock,ACTIVE,0.105,60.0,14.95,4.0,38.0,7.0,0.0,True,,4.3,9815.0,14.69,0.0,,18.0,Clorox,,B08J4TF9PY (Clorox Fraganzia - In-Wash Scent Booster Crystals - 70oz - Spring),[],True,False,True,True,Laundry,271.0,B08J4TF9PY,2025-08-07,0.0,0.0,0.0,30.0,0.0
In Stock,ACTIVE,0.038,29.0,14.54,2.0,52.0,7.0,0.0,True,,4.3,9797.0,14.69,,,18.0,Clorox,,B08J4TF9PY (Clorox Fraganzia - In-Wash Scent Booster Crystals - 70oz - Spring),[],True,False,True,True,Laundry,273.0,B08J4TF9PY,2025-08-06,0.0,0.0,0.0,0.0,0.0
In Stock,ACTIVE,0.07,45.0,14.92,3.0,43.0,7.0,0.0,True,,4.3,9818.0,14.72,,,18.0,Clorox,,B08J4TF9PY (Clorox Fraganzia - In-Wash Scent Booster Crystals - 70oz - Spring),[],True,False,True,True,Laundry,275.0,B08J4TF9PY,2025-08-05,0.0,0.0,0.0,0.0,0.0
In Stock,ACTIVE,0.065,29.0,14.36,2.0,31.0,7.0,0.0,True,,4.3,9807.0,14.71,,,18.0,Clorox,,B08J4TF9PY (Clorox Fraganzia - In-Wash Scent Booster Crystals - 70oz - Spring),[],True,False,True,True,Laundry,284.0,B08J4TF9PY,2025-08-04,,,,,
In Stock,ACTIVE,0.033,30.0,14.99,2.0,60.0,7.0,0.0,True,,4.3,9781.0,14.99,,,19.0,Clorox,,B08J4TF9PY (Clorox Fraganzia - In-Wash Scent Booster Crystals - 70oz - Spring),[],True,False,True,True,Laundry,280.0,B08J4TF9PY,2025-08-02,,,,,
In Stock,ACTIVE,0.091,63.0,15.72,4.0,44.0,14.0,0.0,True,,4.2,9759.0,13.99,,,21.0,Clorox,,B08J4TF9PY (Clorox Fraganzia - In-Wash Scent Booster Crystals - 70oz - Spring),[],True,False,True,True,Laundry,279.0,B08J4TF9PY,2025-07-31,,,,,
In Stock,ACTIVE,0.143,117.0,14.62,8.0,56.0,7.0,0.0,True,,4.2,9759.0,13.99,,,18.0,Clorox,,B08J4TF9PY (Clorox Fraganzia - In-Wash Scent Booster Crystals - 70oz - Spring),[],True,False,True,True,Laundry,283.0,B08J4TF9PY,2025-07-30,,,,,
In Stock,ACTIVE,0.149,98.0,13.99,7.0,47.0,7.0,0.0,True,,4.2,9753.0,13.99,,,17.0,Clorox,,B08J4TF9PY (Clorox Fraganzia - In-Wash Scent Booster Crystals - 70oz - Spring),[],True,False,True,True,Laundry,282.0,B08J4TF9PY,2025-07-29,,,,,
In Stock,ACTIVE,0.067,42.0,13.99,3.0,45.0,7.0,0.0,True,,4.2,9744.0,13.99,,,16.0,Clorox,,B08J4TF9PY (Clorox Fraganzia - In-Wash Scent Booster Crystals - 70oz - Spring),[],True,False,True,True,Laundry,266.0,B08J4TF9PY,2025-07-28,,,,,
In Stock,ACTIVE,0.049,42.0,14.09,3.0,61.0,7.0,0.0,True,,4.2,9734.0,13.99,,,16.0,Clorox,,B08J4TF9PY (Clorox Fraganzia - In-Wash Scent Booster Crystals - 70oz - Spring),[],True,False,True,True,Laundry,263.0,B08J4TF9PY,2025-07-27,,,,,
In Stock,ACTIVE,0.094,42.0,13.99,3.0,32.0,7.0,0.0,True,,4.2,9726.0,13.99,,,15.0,Clorox,,B08J4TF9PY (Clorox Fraganzia - In-Wash Scent Booster Crystals - 70oz - Spring),[],True,False,True,True,Laundry,270.0,B08J4TF9PY,2025-07-26,,,,,
In Stock,ACTIVE,-0.053,-28.0,13.99,-2.0,38.0,7.0,0.0,True,,4.2,9719.0,13.99,,,16.0,Clorox,,B08J4TF9PY (Clorox Fraganzia - In-Wash Scent Booster Crystals - 70oz - Spring),[],True,False,True,True,Laundry,265.0,B08J4TF9PY,2025-07-25,,,,,
In Stock,ACTIVE,0.059,58.0,14.41,4.0,68.0,7.0,0.0,True,,4.2,9710.0,13.99,,,17.0,Clorox,,B08J4TF9PY (Clorox Fraganzia - In-Wash Scent Booster Crystals - 70oz - Spring),[],True,False,True,True,Laundry,231.0,B08J4TF9PY,2025-07-24,,,,,
In Stock,ACTIVE,0.083,42.0,13.99,3.0,36.0,7.0,0.0,True,,4.2,9699.0,13.99,,,18.0,Clorox,,B08J4TF9PY (Clorox Fraganzia - In-Wash Scent Booster Crystals - 70oz - Spring),[],True,False,True,True,Laundry,218.0,B08J4TF9PY,2025-07-22,,,,,
In Stock,ACTIVE,0.07400000000000001,56.0,13.88,4.0,54.0,7.0,0.0,True,,4.2,9692.0,13.99,,,17.0,Clorox,,B08J4TF9PY (Clorox Fraganzia - In-Wash Scent Booster Crystals - 70oz - Spring),[],True,False,True,True,Laundry,220.0,B08J4TF9PY,2025-07-21,,,,,
In Stock,ACTIVE,0.05599999999999999,42.0,13.89,3.0,54.0,7.0,0.0,True,,4.2,9684.0,13.7,,,18.0,Clorox,,B08J4TF9PY (Clorox Fraganzia - In-Wash Scent Booster Crystals - 70oz - Spring),[],True,False,True,True,Laundry,231.0,B08J4TF9PY,2025-07-20,,,,,
In Stock,ACTIVE,0.03700000000000001,27.0,13.7,2.0,54.0,7.0,0.0,True,,4.2,9678.0,13.68,,,18.0,Clorox,,B08J4TF9PY (Clorox Fraganzia - In-Wash Scent Booster Crystals - 70oz - Spring),[],True,False,True,True,Laundry,232.0,B08J4TF9PY,2025-07-19,,,,,
In Stock,ACTIVE,0.032,14.0,13.81,1.0,31.0,7.0,0.0,True,,4.2,9673.0,13.55,,,18.0,Clorox,,B08J4TF9PY (Clorox Fraganzia - In-Wash Scent Booster Crystals - 70oz - Spring),[],True,False,True,True,Laundry,221.0,B08J4TF9PY,2025-07-18,,,,,
In Stock,ACTIVE,0.047,27.0,13.57,2.0,43.0,7.0,0.0,True,,4.2,9667.0,13.6,,,18.0,Clorox,,B08J4TF9PY (Clorox Fraganzia - In-Wash Scent Booster Crystals - 70oz - Spring),[],True,False,True,True,Laundry,223.0,B08J4TF9PY,2025-07-17,,,,,
In Stock,ACTIVE,-0.04,-14.0,13.93,-1.0,25.0,7.0,0.0,True,,4.2,9657.0,13.54,,,18.0,Clorox,,B08J4TF9PY (Clorox Fraganzia - In-Wash Scent Booster Crystals - 70oz - Spring),[],True,False,True,True,Laundry,235.0,B08J4TF9PY,2025-07-16,,,,,
In Stock,ACTIVE,0.375,121.0,13.44,9.0,24.0,7.0,0.0,True,,4.2,9649.0,13.52,,,18.0,Clorox,,B08J4TF9PY (Clorox Fraganzia - In-Wash Scent Booster Crystals - 70oz - Spring),[],True,False,True,True,Laundry,233.0,B08J4TF9PY,2025-07-15,,,,,
In Stock,ACTIVE,0.2,108.0,13.53,8.0,40.0,7.0,0.0,True,,4.2,9641.0,13.53,,,21.0,Clorox,,B08J4TF9PY (Clorox Fraganzia - In-Wash Scent Booster Crystals - 70oz - Spring),[],True,False,True,True,Laundry,229.0,B08J4TF9PY,2025-07-14,,,,,
In Stock,ACTIVE,0.087,55.0,13.64,4.0,46.0,7.0,0.0,True,,4.2,9634.0,13.99,,,22.0,Clorox,,B08J4TF9PY (Clorox Fraganzia - In-Wash Scent Booster Crystals - 70oz - Spring),[],True,False,True,True,Laundry,237.0,B08J4TF9PY,2025-07-13,,,,,
In Stock,ACTIVE,0.039,28.0,13.99,2.0,51.0,7.0,0.0,True,,4.2,9623.0,13.99,,,22.0,Clorox,,B08J4TF9PY (Clorox Fraganzia - In-Wash Scent Booster Crystals - 70oz - Spring),[],True,False,True,True,Laundry,234.0,B08J4TF9PY,2025-07-12,,,,,
In Stock,ACTIVE,0.115,85.0,14.1,6.0,52.0,7.0,0.0,True,,4.2,9616.0,13.99,,,21.0,Clorox,,B08J4TF9PY (Clorox Fraganzia - In-Wash Scent Booster Crystals - 70oz - Spring),[],True,False,True,True,Laundry,237.0,B08J4TF9PY,2025-07-11,,,,,
In Stock,ACTIVE,0.045,41.0,13.76,3.0,67.0,7.0,0.0,True,,4.2,9605.0,13.99,,,22.0,Clorox,,B08J4TF9PY (Clorox Fraganzia - In-Wash Scent Booster Crystals - 70oz - Spring),[],True,False,True,True,Laundry,239.0,B08J4TF9PY,2025-07-10,,,,,
In Stock,ACTIVE,0.0,0.0,,0.0,59.0,7.0,0.0,True,,4.2,9597.0,13.99,,,16.0,Clorox,,B08J4TF9PY (Clorox Fraganzia - In-Wash Scent Booster Crystals - 70oz - Spring),[],True,False,True,True,Laundry,246.0,B08J4TF9PY,2025-07-09,,,,,
In Stock,ACTIVE,0.09699999999999999,86.0,14.31,6.0,62.0,7.0,0.0,True,,4.2,9589.0,13.99,,,14.0,Clorox,,B08J4TF9PY (Clorox Fraganzia - In-Wash Scent Booster Crystals - 70oz - Spring),[],True,False,True,True,Laundry,238.0,B08J4TF9PY,2025-07-08,,,,,
In Stock,ACTIVE,0.116,70.0,13.99,5.0,43.0,7.0,0.0,True,,4.2,9579.0,13.99,,,14.0,Clorox,,B08J4TF9PY (Clorox Fraganzia - In-Wash Scent Booster Crystals - 70oz - Spring),[],True,False,True,True,Laundry,240.0,B08J4TF9PY,2025-07-07,,,,,
In Stock,ACTIVE,0.0,0.0,,0.0,59.0,7.0,0.0,True,,4.2,9570.0,13.99,,,14.0,Clorox,,B08J4TF9PY (Clorox Fraganzia - In-Wash Scent Booster Crystals - 70oz - Spring),[],True,False,True,True,Laundry,224.0,B08J4TF9PY,2025-07-06,,,,,
In Stock,ACTIVE,0.091,70.0,13.99,5.0,55.0,7.0,0.0,True,,4.2,9563.0,13.99,,,15.0,Clorox,,B08J4TF9PY (Clorox Fraganzia - In-Wash Scent Booster Crystals - 70oz - Spring),[],True,False,True,True,Laundry,232.0,B08J4TF9PY,2025-07-05,,,,,
In Stock,ACTIVE,0.154,84.0,13.99,6.0,39.0,7.0,0.0,True,,4.2,9551.0,13.99,,,15.0,Clorox,,B08J4TF9PY (Clorox Fraganzia - In-Wash Scent Booster Crystals - 70oz - Spring),[],True,False,True,True,Laundry,239.0,B08J4TF9PY,2025-07-04,,,,,
In Stock,ACTIVE,0.024,13.0,13.31,1.0,41.0,7.0,0.0,True,,4.2,9545.0,13.99,,,15.0,Clorox,,B08J4TF9PY (Clorox Fraganzia - In-Wash Scent Booster Crystals - 70oz - Spring),[],True,False,True,True,Laundry,231.0,B08J4TF9PY,2025-07-03,,,,,
In Stock,ACTIVE,0.0,0.0,,0.0,39.0,7.0,0.0,True,,4.2,9542.0,13.99,,,15.0,Clorox,,B08J4TF9PY (Clorox Fraganzia - In-Wash Scent Booster Crystals - 70oz - Spring),[],True,False,True,True,Laundry,225.0,B08J4TF9PY,2025-07-02,,,,,
In Stock,ACTIVE,0.057,42.0,13.99,3.0,53.0,7.0,0.0,True,,4.2,9540.0,13.99,,,15.0,Clorox,,B08J4TF9PY (Clorox Fraganzia - In-Wash Scent Booster Crystals - 70oz - Spring),[],True,False,True,True,Laundry,229.0,B08J4TF9PY,2025-07-01,,,,,
In Stock,ACTIVE,0.0,0.0,,0.0,36.0,7.0,0.0,True,,4.2,9535.0,13.99,,,15.0,Clorox,,B08J4TF9PY (Clorox Fraganzia - In-Wash Scent Booster Crystals - 70oz - Spring),[],True,False,True,True,Laundry,235.0,B08J4TF9PY,2025-06-30,,,,,
In Stock,ACTIVE,0.132,126.0,13.99,9.0,68.0,7.0,0.0,True,,4.2,9530.0,13.99,,,15.0,Clorox,,B08J4TF9PY (Clorox Fraganzia - In-Wash Scent Booster Crystals - 70oz - Spring),[],True,False,True,True,Laundry,241.0,B08J4TF9PY,2025-06-29,,,,,
In Stock,ACTIVE,0.065,43.0,14.46,3.0,46.0,7.0,0.0,True,,4.2,9523.0,13.99,,,15.0,Clorox,,B08J4TF9PY (Clorox Fraganzia - In-Wash Scent Booster Crystals - 70oz - Spring),[],True,False,True,True,Laundry,259.0,B08J4TF9PY,2025-06-28,,,,,
In Stock,ACTIVE,0.167,88.0,10.94,8.0,48.0,6.0,0.0,True,,4.3,11779.0,10.95,,,17.0,Clorox,,B08J4TF9PY (Clorox Fraganzia - In-Wash Scent Booster Crystals - 70oz - Spring),[],True,False,False,True,Laundry,508.0,B08J4TF9PY,2026-04-18,,,,,
In Stock,ACTIVE,0.583,80.0,11.45,7.0,12.0,6.0,0.0,True,,4.2,1137.0,11.52,,,120.0,Clorox,,B08J4TF9PY (Clorox Fraganzia - In-Wash Scent Booster Crystals - 70oz - Spring),[],True,False,False,True,Laundry,191.0,B08J4TF9PY,2026-01-14,,,,,
In Stock,ACTIVE,0.467,81.0,11.52,7.0,15.0,6.0,0.0,True,,4.2,1136.0,11.78,,,104.0,Clorox,,B08J4TF9PY (Clorox Fraganzia - In-Wash Scent Booster Crystals - 70oz - Spring),[],True,False,False,True,Laundry,196.0,B08J4TF9PY,2026-01-13,,,,,
In Stock,ACTIVE,0.667,92.0,11.44,8.0,12.0,6.0,0.0,True,,4.2,1135.0,11.44,,,105.0,Clorox,,B08J4TF9PY (Clorox Fraganzia - In-Wash Scent Booster Crystals - 70oz - Spring),[],True,False,False,True,Laundry,206.0,B08J4TF9PY,2026-01-12,,,,,
In Stock,ACTIVE,0.435,114.0,11.44,10.0,23.0,6.0,0.0,True,,4.2,1135.0,11.46,,,105.0,Clorox,,B08J4TF9PY (Clorox Fraganzia - In-Wash Scent Booster Crystals - 70oz - Spring),[],True,False,False,True,Laundry,200.0,B08J4TF9PY,2026-01-11,,,,,
In Stock,ACTIVE,0.25,57.0,11.39,5.0,20.0,6.0,0.0,True,,4.2,1135.0,11.46,,,110.0,Clorox,,B08J4TF9PY (Clorox Fraganzia - In-Wash Scent Booster Crystals - 70oz - Spring),[],True,False,False,True,Laundry,207.0,B08J4TF9PY,2026-01-10,,,,,
In Stock,ACTIVE,0.727,92.0,11.46,8.0,11.0,6.0,0.0,True,,4.2,1135.0,11.56,,,117.0,Clorox,,B08J4TF9PY (Clorox Fraganzia - In-Wash Scent Booster Crystals - 70oz - Spring),[],True,False,False,True,Laundry,215.0,B08J4TF9PY,2026-01-09,,,,,
In Stock,ACTIVE,0.25,46.0,11.56,4.0,16.0,7.0,0.0,True,,4.2,1134.0,11.58,,,111.0,Clorox,,B08J4TF9PY (Clorox Fraganzia - In-Wash Scent Booster Crystals - 70oz - Spring),[],True,False,False,True,Laundry,219.0,B08J4TF9PY,2026-01-08,,,,,
In Stock,ACTIVE,0.286,46.0,11.54,4.0,14.0,7.0,0.0,True,,4.2,1133.0,11.56,,,108.0,Clorox,,B08J4TF9PY (Clorox Fraganzia - In-Wash Scent Booster Crystals - 70oz - Spring),[],True,False,False,True,Laundry,226.0,B08J4TF9PY,2026-01-07,,,,,
In Stock,ACTIVE,0.2,12.0,11.76,1.0,5.0,7.0,0.0,True,,4.2,1131.0,11.78,,,108.0,Clorox,,B08J4TF9PY (Clorox Fraganzia - In-Wash Scent Booster Crystals - 70oz - Spring),[],True,False,False,True,Laundry,230.0,B08J4TF9PY,2026-01-06,,,,,
In Stock,ACTIVE,0.316,70.0,11.63,6.0,19.0,7.0,0.0,True,,4.2,1131.0,11.81,,,111.0,Clorox,,B08J4TF9PY (Clorox Fraganzia - In-Wash Scent Booster Crystals - 70oz - Spring),[],True,False,False,True,Laundry,228.0,B08J4TF9PY,2026-01-05,,,,,
In Stock,ACTIVE,0.154,47.0,11.81,4.0,26.0,7.0,0.0,True,,4.2,1131.0,11.82,,,118.0,Clorox,,B08J4TF9PY (Clorox Fraganzia - In-Wash Scent Booster Crystals - 70oz - Spring),[],True,False,False,True,Laundry,228.0,B08J4TF9PY,2026-01-04,,,,,
In Stock,ACTIVE,0.25,47.0,11.82,4.0,16.0,7.0,0.0,True,,4.2,1131.0,11.82,,,114.0,Clorox,,B08J4TF9PY (Clorox Fraganzia - In-Wash Scent Booster Crystals - 70oz - Spring),[],True,False,False,True,Laundry,238.0,B08J4TF9PY,2026-01-03,,,,,
In Stock,ACTIVE,0.615,99.0,12.33,8.0,13.0,7.0,0.0,True,,4.2,1131.0,12.41,,,117.0,Clorox,,B08J4TF9PY (Clorox Fraganzia - In-Wash Scent Booster Crystals - 70oz - Spring),[],True,False,False,True,Laundry,236.0,B08J4TF9PY,2026-01-02,,,,,
In Stock,ACTIVE,0.118,24.0,12.08,2.0,17.0,7.0,0.0,True,,4.2,1130.0,12.43,,,123.0,Clorox,,B08J4TF9PY (Clorox Fraganzia - In-Wash Scent Booster Crystals - 70oz - Spring),[],True,False,False,True,Laundry,242.0,B08J4TF9PY,2026-01-01,,,,,
In Stock,ACTIVE,0.222,28.0,13.92,2.0,9.0,7.0,0.0,True,,4.2,1125.0,13.52,,,124.0,Clorox,,B08J4TF9PY (Clorox Fraganzia - In-Wash Scent Booster Crystals - 70oz - Spring),[],True,False,False,True,Laundry,246.0,B08J4TF9PY,2025-12-31,,,,,
In Stock,ACTIVE,0.313,67.0,13.36,5.0,16.0,7.0,0.0,True,,4.2,1125.0,12.72,,,126.0,Clorox,,B08J4TF9PY (Clorox Fraganzia - In-Wash Scent Booster Crystals - 70oz - Spring),[],True,False,False,True,Laundry,249.0,B08J4TF9PY,2025-12-30,,,,,
In Stock,ACTIVE,0.417,64.0,12.73,5.0,12.0,7.0,0.0,True,,4.2,1123.0,12.73,,,132.0,Clorox,,B08J4TF9PY (Clorox Fraganzia - In-Wash Scent Booster Crystals - 70oz - Spring),[],True,False,False,True,Laundry,252.0,B08J4TF9PY,2025-12-29,,,,,
In Stock,ACTIVE,0.182,51.0,12.73,4.0,22.0,7.0,0.0,True,,4.2,1123.0,12.73,,,124.0,Clorox,,B08J4TF9PY (Clorox Fraganzia - In-Wash Scent Booster Crystals - 70oz - Spring),[],True,False,False,True,Laundry,258.0,B08J4TF9PY,2025-12-28,,,,,
In Stock,ACTIVE,0.25,51.0,12.73,4.0,16.0,7.0,0.0,True,,4.2,1123.0,12.73,,,125.0,Clorox,,B08J4TF9PY (Clorox Fraganzia - In-Wash Scent Booster Crystals - 70oz - Spring),[],True,False,False,True,Laundry,257.0,B08J4TF9PY,2025-12-27,,,,,
In Stock,ACTIVE,0.0,0.0,,0.0,10.0,7.0,0.0,True,,4.2,1122.0,12.73,,,125.0,Clorox,,B08J4TF9PY (Clorox Fraganzia - In-Wash Scent Booster Crystals - 70oz - Spring),[],True,False,False,True,Laundry,264.0,B08J4TF9PY,2025-12-26,,,,,
In Stock,ACTIVE,0.2,38.0,12.73,3.0,15.0,7.0,0.0,True,,4.2,1121.0,12.74,,,122.0,Clorox,,B08J4TF9PY (Clorox Fraganzia - In-Wash Scent Booster Crystals - 70oz - Spring),[],True,False,False,True,Laundry,263.0,B08J4TF9PY,2025-12-25,,,,,
In Stock,ACTIVE,0.6,38.0,12.54,3.0,5.0,7.0,0.0,True,,4.2,1121.0,12.74,,,130.0,Clorox,,B08J4TF9PY (Clorox Fraganzia - In-Wash Scent Booster Crystals - 70oz - Spring),[],True,False,False,True,Laundry,263.0,B08J4TF9PY,2025-12-24,,,,,
